[demoxml.com/html/marize/index04b9.html]
[backblue.gif]
[fade.gif]
[index.html]
[demoxml.com/html/marize/rs-plugin/css/settings.css]
[demoxml.com/html/marize/css/bootstrap.min.css]
[demoxml.com/html/marize/css/font-awesome.min.css]
[demoxml.com/html/marize/css/ionicons.min.css]
[demoxml.com/html/marize/css/main.css]
[demoxml.com/html/marize/css/style.css]
[demoxml.com/html/marize/css/responsive.css]
[demoxml.com/html/marize/images/logo.png]
[demoxml.com/html/marize/index.html]
[demoxml.com/html/marize/about.html]
[demoxml.com/html/marize/services.html]
[demoxml.com/html/marize/portfolio.html]
[demoxml.com/html/marize/index-1.html]
[demoxml.com/html/marize/portfolio-single.html]
[demoxml.com/html/marize/blog.html]
[demoxml.com/html/marize/blog-detail.html]
[demoxml.com/html/marize/faq.html]
[demoxml.com/html/marize/contact.html]
[demoxml.com/html/marize/404-page.html]
[demoxml.com/html/marize/images/slides/slide-1.jpg]
[demoxml.com/html/marize/images/slides/slide-2.jpg]
[demoxml.com/html/marize/images/intro-img-1.jpg]
[demoxml.com/html/marize/images/intro-icon-1.png]
[demoxml.com/html/marize/images/intro-img-2.jpg]
[demoxml.com/html/marize/images/intro-icon-2.png]
[demoxml.com/html/marize/images/intro-icon-3.png]
[demoxml.com/html/marize/images/intro-icon-4.png]
[demoxml.com/html/marize/images/intro-icon-5.png]
[demoxml.com/html/marize/images/intro-icon-6.png]
[demoxml.com/html/marize/images/img-1.jpg]
[demoxml.com/html/marize/images/img-2.jpg]
[demoxml.com/html/marize/images/img-3.jpg]
[demoxml.com/html/marize/images/img-4.jpg]
[demoxml.com/html/marize/images/icon-why-1.png]
[demoxml.com/html/marize/images/icon-why-2.png]
[demoxml.com/html/marize/images/icon-why-3.png]
[demoxml.com/html/marize/images/icon-why-4.png]
[demoxml.com/html/marize/images/avatar-testi.jpg]
[demoxml.com/html/marize/images/avatar-testi-1.jpg]
[demoxml.com/html/marize/images/cost-img.png]
[demoxml.com/html/marize/images/post-img-1.jpg]
[demoxml.com/html/marize/images/post-img-2.jpg]
[demoxml.com/html/marize/images/c-img-1.png]
[demoxml.com/html/marize/images/c-img-2.png]
[demoxml.com/html/marize/images/c-img-3.png]
[demoxml.com/html/marize/images/c-img-4.png]
[demoxml.com/html/marize/images/c-img-5.png]
[demoxml.com/html/marize/images/logo-footer.png]
[demoxml.com/html/marize/js/jquery-1.11.0.min.js]
[demoxml.com/html/marize/js/bootstrap.min.js]
[demoxml.com/html/marize/js/own-menu.js]
[demoxml.com/html/marize/js/jquery.isotope.min.js]
[demoxml.com/html/marize/js/jquery.prettyPhoto.js]
[demoxml.com/html/marize/js/owl.carousel.min.js]
[demoxml.com/html/marize/rs-plugin/js/jquery.tp.t.min.js]
[demoxml.com/html/marize/rs-plugin/js/jquery.tp.min.js]
[demoxml.com/html/marize/js/main.js]
[demoxml.com/html/marize/index04b9.html]
[demoxml.com/html/marize/rs-plugin/images/gradient/g30.png]
[demoxml.com/html/marize/rs-plugin/images/gradient/g40.png]
[demoxml.com/html/marize/rs-plugin/assets/shadow1.png]
[demoxml.com/html/marize/rs-plugin/assets/shadow2.png]
[demoxml.com/html/marize/rs-plugin/assets/shadow3.png]
[demoxml.com/html/marize/rs-plugin/assets/gridtile.png]
[demoxml.com/html/marize/rs-plugin/assets/gridtile_white.png]
[demoxml.com/html/marize/rs-plugin/assets/gridtile_3x3.png]
[demoxml.com/html/marize/rs-plugin/assets/gridtile_3x3_white.png]
[demoxml.com/html/marize/rs-plugin/assets/boxed_bgtile.png]
[demoxml.com/html/marize/rs-plugin/assets/navigdots_bgtile.png]
[demoxml.com/html/marize/rs-plugin/assets/bullet.png]
[demoxml.com/html/marize/rs-plugin/assets/bullets.png]
[demoxml.com/html/marize/rs-plugin/assets/bullets2.png]
[demoxml.com/html/marize/rs-plugin/assets/bullet_boxed.png]
[demoxml.com/html/marize/rs-plugin/assets/navigdots.png]
[demoxml.com/html/marize/rs-plugin/assets/large_left.png]
[demoxml.com/html/marize/rs-plugin/assets/large_right.png]
[demoxml.com/html/marize/rs-plugin/assets/small_left.png]
[demoxml.com/html/marize/rs-plugin/assets/small_right.png]
[demoxml.com/html/marize/rs-plugin/assets/arrow_left.png]
[demoxml.com/html/marize/rs-plugin/assets/arrow_right.png]
[demoxml.com/html/marize/rs-plugin/assets/small_left_boxed.png]
[demoxml.com/html/marize/rs-plugin/assets/small_right_boxed.png]
[demoxml.com/html/marize/rs-plugin/assets/arrowleft.png]
[demoxml.com/html/marize/rs-plugin/assets/arrowright.png]
[demoxml.com/html/marize/rs-plugin/assets/arrow_left2.png]
[demoxml.com/html/marize/rs-plugin/assets/arrow_right2.png]
[demoxml.com/html/marize/rs-plugin/assets/timer.png]
[demoxml.com/html/marize/rs-plugin/assets/coloredbg.png]
[demoxml.com/html/marize/rs-plugin/assets/loader.gif]
[demoxml.com/html/marize/rs-plugin/font/revicons90c6.eot]
[demoxml.com/html/marize/rs-plugin/font/revicons90c6.woff]
[demoxml.com/html/marize/rs-plugin/font/revicons90c6.ttf]
[demoxml.com/html/marize/rs-plugin/font/revicons90c6.svg]
[demoxml.com/html/marize/rs-plugin/css/settings.css]
[demoxml.com/html/marize/fonts/glyphicons-halflings-regular.eot]
[demoxml.com/html/marize/fonts/glyphicons-halflings-regulard41d.eot]
[demoxml.com/html/marize/fonts/glyphicons-halflings-regular.woff2]
[demoxml.com/html/marize/fonts/glyphicons-halflings-regular.woff]
[demoxml.com/html/marize/fonts/glyphicons-halflings-regular.ttf]
[demoxml.com/html/marize/css/bootstrap.min.css]
[demoxml.com/html/marize/fonts/glyphicons-halflings-regular.svg]
[demoxml.com/html/marize/fonts/fontawesome-webfont93e3.eot]
[demoxml.com/html/marize/fonts/fontawesome-webfontd41d.eot]
[demoxml.com/html/marize/fonts/fontawesome-webfont93e3.woff2]
[demoxml.com/html/marize/fonts/fontawesome-webfont93e3.woff]
[demoxml.com/html/marize/fonts/fontawesome-webfont93e3.ttf]
[demoxml.com/html/marize/css/font-awesome.min.css]
[demoxml.com/html/marize/fonts/fontawesome-webfont93e3.svg]
[demoxml.com/html/marize/fonts/ionicons28b5.eot]
[demoxml.com/html/marize/fonts/ionicons28b5.ttf]
[demoxml.com/html/marize/fonts/ionicons28b5.woff]
[demoxml.com/html/marize/fonts/ionicons28b5.svg]
[demoxml.com/html/marize/fonts/Simple-Line-Icons.eot]
[demoxml.com/html/marize/fonts/Simple-Line-Iconsd41d.eot]
[demoxml.com/html/marize/fonts/Simple-Line-Icons.woff]
[demoxml.com/html/marize/fonts/Simple-Line-Icons.ttf]
[demoxml.com/html/marize/css/ionicons.min.css]
[demoxml.com/html/marize/fonts/Simple-Line-Icons.svg]
[demoxml.com/html/marize/images/prettyPhoto/default/sprite.png]
[demoxml.com/html/marize/images/prettyPhoto/default/sprite_x.png]
[demoxml.com/html/marize/images/prettyPhoto/default/sprite_y.png]
[demoxml.com/html/marize/images/prettyPhoto/default/sprite_next.png]
[demoxml.com/html/marize/images/prettyPhoto/default/sprite_prev.png]
[demoxml.com/html/marize/images/prettyPhoto/default/default_thumb.png]
[demoxml.com/html/marize/images/prettyPhoto/default/loader.gif]
[demoxml.com/html/marize/images/prettyPhoto/light_rounded/sprite.png]
[demoxml.com/html/marize/images/prettyPhoto/light_rounded/btnNext.png]
[demoxml.com/html/marize/images/prettyPhoto/light_rounded/btnPrevious.png]
[demoxml.com/html/marize/images/prettyPhoto/dark_rounded/sprite.png]
[demoxml.com/html/marize/images/prettyPhoto/dark_rounded/contentPattern.png]
[demoxml.com/html/marize/images/prettyPhoto/dark_rounded/btnNext.png]
[demoxml.com/html/marize/images/prettyPhoto/dark_rounded/btnPrevious.png]
[demoxml.com/html/marize/images/prettyPhoto/dark_rounded/loader.gif]
[demoxml.com/html/marize/images/prettyPhoto/dark_square/loader.gif]
[demoxml.com/html/marize/images/prettyPhoto/dark_square/sprite.png]
[demoxml.com/html/marize/images/prettyPhoto/dark_square/btnNext.png]
[demoxml.com/html/marize/images/prettyPhoto/dark_square/btnPrevious.png]
[demoxml.com/html/marize/images/prettyPhoto/light_square/sprite.png]
[demoxml.com/html/marize/images/prettyPhoto/light_square/btnNext.png]
[demoxml.com/html/marize/images/prettyPhoto/light_square/btnPrevious.png]
[demoxml.com/html/marize/images/prettyPhoto/facebook/sprite.png]
[demoxml.com/html/marize/images/prettyPhoto/facebook/contentPatternTop.png]
[demoxml.com/html/marize/images/prettyPhoto/facebook/contentPatternLeft.png]
[demoxml.com/html/marize/images/prettyPhoto/facebook/contentPatternRight.png]
[demoxml.com/html/marize/images/prettyPhoto/facebook/loader.gif]
[demoxml.com/html/marize/images/prettyPhoto/facebook/btnNext.png]
[demoxml.com/html/marize/images/prettyPhoto/facebook/btnPrevious.png]
[demoxml.com/html/marize/images/prettyPhoto/facebook/contentPatternBottom.png]
[demoxml.com/html/marize/images/prettyPhoto/facebook/default_thumbnail.gif]
[demoxml.com/html/marize/images/prettyPhoto/light_rounded/loader.gif]
[demoxml.com/html/marize/css/main.css]
[demoxml.com/html/marize/images/bg/sub-bnr-bg.jpg]
[demoxml.com/html/marize/images/go-down.png]
[demoxml.com/html/marize/images/bg/bg-portfolio.jpg]
[demoxml.com/html/marize/images/bg/bg-2.jpg]
[demoxml.com/html/marize/images/bg/cost-top-bg.jpg]
[demoxml.com/html/marize/images/bg/bg-1.jpg]
[demoxml.com/html/marize/images/bg/promo-bg.jpg]
[demoxml.com/html/marize/images/erroe-bg.jpg]
[demoxml.com/html/marize/css/style.css]
[demoxml.com/html/marize/css/responsive.css]
[demoxml.com/html/marize/index.html]
[demoxml.com/html/marize/images/team-img-1.png]
[demoxml.com/html/marize/images/member-1.jpg]
[demoxml.com/html/marize/images/member-2.jpg]
[demoxml.com/html/marize/images/member-3.jpg]
[demoxml.com/html/marize/images/member-4.jpg]
[demoxml.com/html/marize/images/bg/promo-bg-1.jpg]
[demoxml.com/html/marize/about.html]
[demoxml.com/html/marize/images/intro-icon-7.png]
[demoxml.com/html/marize/images/icon-why-5.png]
[demoxml.com/html/marize/images/icon-why-6.png]
[demoxml.com/html/marize/images/tabs-img-1.jpg]
[demoxml.com/html/marize/services.html]
[demoxml.com/html/marize/images/img-5.jpg]
[demoxml.com/html/marize/images/img-6.jpg]
[demoxml.com/html/marize/images/img-7.jpg]
[demoxml.com/html/marize/images/img-8.jpg]
[demoxml.com/html/marize/images/img-9.jpg]
[demoxml.com/html/marize/images/img-10.jpg]
[demoxml.com/html/marize/images/img-11.jpg]
[demoxml.com/html/marize/images/img-12.jpg]
[demoxml.com/html/marize/images/img-13.jpg]
[demoxml.com/html/marize/images/img-14.jpg]
[demoxml.com/html/marize/images/img-15.jpg]
[demoxml.com/html/marize/images/img-16.jpg]
[demoxml.com/html/marize/portfolio.html]
[demoxml.com/html/marize/index-1.html]
[demoxml.com/html/marize/images/img-single.jpg]
[demoxml.com/html/marize/images/item-icon-1.png]
[demoxml.com/html/marize/images/item-icon-2.png]
[demoxml.com/html/marize/images/item-icon-3.png]
[demoxml.com/html/marize/portfolio-single.html]
[demoxml.com/html/marize/images/blog-img-1.jpg]
[demoxml.com/html/marize/images/blog-img-2.jpg]
[demoxml.com/html/marize/images/blog-img-3.jpg]
[demoxml.com/html/marize/images/blog-img-4.jpg]
[demoxml.com/html/marize/blog.html]
[demoxml.com/html/marize/images/blog-img-5.jpg]
[demoxml.com/html/marize/images/avatar-admin.jpg]
[demoxml.com/html/marize/images/coment-avatar-1.jpg]
[demoxml.com/html/marize/images/coment-avatar-2.jpg]
[demoxml.com/html/marize/images/coment-avatar-3.jpg]
[demoxml.com/html/marize/blog-detail.html]
[demoxml.com/html/marize/faq.html]
[demoxml.com/html/marize/contact.html]
[demoxml.com/html/marize/images/error-img.png]
[demoxml.com/html/marize/404-page.html]
[demoxml.com/html/marize/rs-plugin/font/revicons90c6.svg]
[demoxml.com/html/marize/fonts/glyphicons-halflings-regular.svg]
[demoxml.com/html/marize/fonts/fontawesome-webfont93e3.svg]
[demoxml.com/html/marize/fonts/ionicons28b5.svg]
[demoxml.com/html/marize/fonts/Simple-Line-Icons.svg]
[demoxml.com/html/marize/images/erroe-bg.html]
